

plot.fsx(5,6): error FS0039: The namespace or module 'XPlot' is not defined.

