<?xml version="1.0" encoding="utf-16"?>
<Choose xmlns="http://schemas.microsoft.com/developer/msbuild/2003">
  <When Condition="$(TargetFrameworkIdentifier) == '.NETFramework' And ($(TargetFrameworkVersion) == 'v4.0' Or $(TargetFrameworkVersion) == 'v4.0.3')">
    <ItemGroup>
      <Reference Include="WindowsBase">
        <Paket>True</Paket>
      </Reference>
      <Reference Include="System.Reactive.Windows.Threading">
        <HintPath>..\..\..\Rx-XAML\lib\net40\System.Reactive.Windows.Threading.dll</HintPath>
        <Private>True</Private>
        <Paket>True</Paket>
      </Reference>
    </ItemGroup>
  </When>
  <When Condition="$(TargetFrameworkIdentifier) == '.NETFramework' And ($(TargetFrameworkVersion) == 'v4.5' Or $(TargetFrameworkVersion) == 'v4.5.1' Or $(TargetFrameworkVersion) == 'v4.5.2' Or $(TargetFrameworkVersion) == 'v4.5.3' Or $(TargetFrameworkVersion) == 'v4.6' Or $(TargetFrameworkVersion) == 'v4.6.1' Or $(TargetFrameworkVersion) == 'v4.6.2' Or $(TargetFrameworkVersion) == 'v4.6.3' Or $(TargetFrameworkVersion) == 'v4.7' Or $(TargetFrameworkVersion) == 'v4.7.1' Or $(TargetFrameworkVersion) == 'v4.7.2' Or $(TargetFrameworkVersion) == 'v4.8')">
    <ItemGroup>
      <Reference Include="WindowsBase">
        <Paket>True</Paket>
      </Reference>
      <Reference Include="System.Reactive.Windows.Threading">
        <HintPath>..\..\..\Rx-XAML\lib\net45\System.Reactive.Windows.Threading.dll</HintPath>
        <Private>True</Private>
        <Paket>True</Paket>
      </Reference>
    </ItemGroup>
  </When>
  <When Condition="($(TargetFrameworkIdentifier) == 'WindowsPhoneApp') Or ($(TargetFrameworkIdentifier) == 'MonoAndroid' And ($(TargetFrameworkVersion) == 'v10.0' Or $(TargetFrameworkVersion) == 'v11.0' Or $(TargetFrameworkVersion) == 'v12.0' Or $(TargetFrameworkVersion) == 'v7.0' Or $(TargetFrameworkVersion) == 'v7.1' Or $(TargetFrameworkVersion) == 'v8.0' Or $(TargetFrameworkVersion) == 'v8.1' Or $(TargetFrameworkVersion) == 'v9.0')) Or ($(TargetFrameworkIdentifier) == 'MonoTouch') Or ($(TargetFrameworkIdentifier) == '.NETCoreApp' And ($(TargetFrameworkVersion) == 'v1.0' Or $(TargetFrameworkVersion) == 'v1.1' Or $(TargetFrameworkVersion) == 'v2.0' Or $(TargetFrameworkVersion) == 'v2.1' Or $(TargetFrameworkVersion) == 'v2.2' Or $(TargetFrameworkVersion) == 'v3.0' Or $(TargetFrameworkVersion) == 'v3.1' Or $(TargetFrameworkVersion) == 'v5.0' Or $(TargetFrameworkVersion) == 'v6.0' Or $(TargetFrameworkVersion) == 'v7.0' Or ($(TargetFrameworkVersion) == 'v5.0' And '$(TargetPlatformIdentifier)' == 'Windows' And '$(TargetPlatformVersion)' == '10.0.17763.0') Or ($(TargetFrameworkVersion) == 'v5.0' And '$(TargetPlatformIdentifier)' == 'Windows' And '$(TargetPlatformVersion)' == '10.0.18362.0') Or ($(TargetFrameworkVersion) == 'v5.0' And '$(TargetPlatformIdentifier)' == 'Windows' And '$(TargetPlatformVersion)' == '10.0.19041.0') Or ($(TargetFrameworkVersion) == 'v5.0' And '$(TargetPlatformIdentifier)' == 'Windows' And '$(TargetPlatformVersion)' == '8.0') Or ($(TargetFrameworkVersion) == 'v5.0' And '$(TargetPlatformIdentifier)' == 'Windows') Or ($(TargetFrameworkVersion) == 'v5.0' And '$(TargetPlatformIdentifier)' == 'android') Or ($(TargetFrameworkVersion) == 'v5.0' And '$(TargetPlatformIdentifier)' == 'ios') Or ($(TargetFrameworkVersion) == 'v5.0' And '$(TargetPlatformIdentifier)' == 'macos') Or ($(TargetFrameworkVersion) == 'v5.0' And '$(TargetPlatformIdentifier)' == 'tvos') Or ($(TargetFrameworkVersion) == 'v5.0' And '$(TargetPlatformIdentifier)' == 'watchos') Or ($(TargetFrameworkVersion) == 'v6.0' And '$(TargetPlatformIdentifier)' == 'Windows' And '$(TargetPlatformVersion)' == '10.0.17763.0') Or ($(TargetFrameworkVersion) == 'v6.0' And '$(TargetPlatformIdentifier)' == 'Windows' And '$(TargetPlatformVersion)' == '10.0.18362.0') Or ($(TargetFrameworkVersion) == 'v6.0' And '$(TargetPlatformIdentifier)' == 'Windows' And '$(TargetPlatformVersion)' == '10.0.19041.0') Or ($(TargetFrameworkVersion) == 'v6.0' And '$(TargetPlatformIdentifier)' == 'Windows' And '$(TargetPlatformVersion)' == '8.0') Or ($(TargetFrameworkVersion) == 'v6.0' And '$(TargetPlatformIdentifier)' == 'Windows') Or ($(TargetFrameworkVersion) == 'v6.0' And '$(TargetPlatformIdentifier)' == 'android') Or ($(TargetFrameworkVersion) == 'v6.0' And '$(TargetPlatformIdentifier)' == 'ios') Or ($(TargetFrameworkVersion) == 'v6.0' And '$(TargetPlatformIdentifier)' == 'macos') Or ($(TargetFrameworkVersion) == 'v6.0' And '$(TargetPlatformIdentifier)' == 'tvos') Or ($(TargetFrameworkVersion) == 'v6.0' And '$(TargetPlatformIdentifier)' == 'watchos') Or ($(TargetFrameworkVersion) == 'v7.0' And '$(TargetPlatformIdentifier)' == 'Windows' And '$(TargetPlatformVersion)' == '10.0.17763.0') Or ($(TargetFrameworkVersion) == 'v7.0' And '$(TargetPlatformIdentifier)' == 'Windows' And '$(TargetPlatformVersion)' == '10.0.18362.0') Or ($(TargetFrameworkVersion) == 'v7.0' And '$(TargetPlatformIdentifier)' == 'Windows' And '$(TargetPlatformVersion)' == '10.0.19041.0') Or ($(TargetFrameworkVersion) == 'v7.0' And '$(TargetPlatformIdentifier)' == 'Windows' And '$(TargetPlatformVersion)' == '8.0') Or ($(TargetFrameworkVersion) == 'v7.0' And '$(TargetPlatformIdentifier)' == 'Windows') Or ($(TargetFrameworkVersion) == 'v7.0' And '$(TargetPlatformIdentifier)' == 'android') Or ($(TargetFrameworkVersion) == 'v7.0' And '$(TargetPlatformIdentifier)' == 'ios') Or ($(TargetFrameworkVersion) == 'v7.0' And '$(TargetPlatformIdentifier)' == 'macos') Or ($(TargetFrameworkVersion) == 'v7.0' And '$(TargetPlatformIdentifier)' == 'tvos') Or ($(TargetFrameworkVersion) == 'v7.0' And '$(TargetPlatformIdentifier)' == 'watchos'))) Or ($(TargetFrameworkIdentifier) == '.NETStandard' And ($(TargetFrameworkVersion) == 'v1.2' Or $(TargetFrameworkVersion) == 'v1.3' Or $(TargetFrameworkVersion) == 'v1.4' Or $(TargetFrameworkVersion) == 'v1.5' Or $(TargetFrameworkVersion) == 'v1.6' Or $(TargetFrameworkVersion) == 'v2.0' Or $(TargetFrameworkVersion) == 'v2.1')) Or ($(TargetFrameworkProfile) == 'Profile32') Or ($(TargetFrameworkIdentifier) == 'Xamarin.iOS') Or ($(TargetFrameworkIdentifier) == 'Xamarin.Mac') Or ($(TargetFrameworkIdentifier) == 'Xamarin.tvOS') Or ($(TargetFrameworkIdentifier) == 'Xamarin.watchOS')">
    <ItemGroup>
      <Reference Include="System.Reactive.Windows.Threading">
        <HintPath>..\..\..\Rx-XAML\lib\portable-win81+wpa81\System.Reactive.Windows.Threading.dll</HintPath>
        <Private>True</Private>
        <Paket>True</Paket>
      </Reference>
    </ItemGroup>
  </When>
  <When Condition="$(TargetFrameworkIdentifier) == 'Silverlight' And $(TargetFrameworkVersion) == 'v5.0'">
    <ItemGroup>
      <Reference Include="System.Windows">
        <Paket>True</Paket>
      </Reference>
      <Reference Include="System.Reactive.Windows.Threading">
        <HintPath>..\..\..\Rx-XAML\lib\sl5\System.Reactive.Windows.Threading.dll</HintPath>
        <Private>True</Private>
        <Paket>True</Paket>
      </Reference>
    </ItemGroup>
  </When>
  <When Condition="$(TargetFrameworkIdentifier) == '.NETCore'">
    <ItemGroup>
      <Reference Include="System.Reactive.Windows.Threading">
        <HintPath>..\..\..\Rx-XAML\lib\windows8\System.Reactive.Windows.Threading.dll</HintPath>
        <Private>True</Private>
        <Paket>True</Paket>
      </Reference>
    </ItemGroup>
  </When>
  <When Condition="$(TargetFrameworkIdentifier) == 'WindowsPhone' And ($(TargetFrameworkVersion) == 'v7.1' Or $(TargetFrameworkVersion) == 'v7.5')">
    <ItemGroup>
      <Reference Include="System.Windows">
        <Paket>True</Paket>
      </Reference>
      <Reference Include="System.Reactive.Windows.Threading">
        <HintPath>..\..\..\Rx-XAML\lib\windowsphone71\System.Reactive.Windows.Threading.dll</HintPath>
        <Private>True</Private>
        <Paket>True</Paket>
      </Reference>
    </ItemGroup>
  </When>
  <When Condition="$(TargetFrameworkIdentifier) == 'WindowsPhone' And ($(TargetFrameworkVersion) == 'v8.0' Or $(TargetFrameworkVersion) == 'v8.1')">
    <ItemGroup>
      <Reference Include="System.Reactive.Windows.Threading">
        <HintPath>..\..\..\Rx-XAML\lib\windowsphone8\System.Reactive.Windows.Threading.dll</HintPath>
        <Private>True</Private>
        <Paket>True</Paket>
      </Reference>
    </ItemGroup>
  </When>
</Choose>